Archive member included to satisfy reference by file (symbol)

/opt/riscv-gcc/bin/../lib/gcc/riscv-none-elf/15.2.0/rv32i/ilp32/libgcc.a(div.o)
                              /tmp/ccCF29aT.o (__divsi3)

There are no discarded input sections

Memory Configuration

Name             Origin             Length             Attributes
FLASH            0x00100000         0x00400000         xr
RAM              0x00000000         0x00003000         xrw
*default*        0x00000000         0xffffffff

Linker script and memory map


.text           0x00000000      0xc54
                0x00000000                        . = ALIGN (0x4)
 *(.text)
 .text          0x00000000      0x128 /tmp/ccEfVQB0.o
                0x000000a8                flashio_worker_begin
                0x00000128                flashio_worker_end
 .text          0x00000128      0x156 /tmp/cculycJ4.o
                0x00000128                putchar
                0x00000146                print
                0x00000172                getchar_prompt
                0x00000220                getchar
 .text          0x0000027e      0x2f6 /tmp/ccCF29aT.o
                0x0000027e                time
                0x00000284                insn
                0x0000028a                malloc
                0x000002ae                printf
                0x000003b0                memcpy
                0x0000042e                strcpy
                0x000004b2                strcmp
 .text          0x00000574       0xd2 /tmp/ccC9YrC1.o
                0x00000574                Proc_6
                0x000005ac                Proc_7
                0x000005b4                Proc_8
                0x00000600                Func_1
                0x00000612                Func_2
                0x0000063e                Func_3
 .text          0x00000646      0x3aa /tmp/ccmxEojK.o
                0x00000646                Proc_1
                0x0000074c                run_dhrystone
                0x0000097c                Proc_2
                0x0000099c                Proc_3
                0x000009b8                Proc_4
                0x000009de                Proc_5
 *fill*         0x000009f0        0x0 
 .text          0x000009f0       0xb4 /opt/riscv-gcc/bin/../lib/gcc/riscv-none-elf/15.2.0/rv32i/ilp32/libgcc.a(div.o)
                0x000009f0                __divsi3
                0x000009f8                __hidden___udivsi3
                0x000009f8                __udivsi3
                0x00000a40                __umodsi3
                0x00000a74                __modsi3
 *(.text*)
 .text.startup  0x00000aa4       0xb0 /tmp/cculycJ4.o
                0x00000aa4                main
 *(.rodata)
 *(.rodata*)
 *fill*         0x00000b54        0x0 
 .rodata.str1.4
                0x00000b54       0xfe /tmp/cculycJ4.o
                                 0x15 (size before relaxing)
 .rodata.str1.4
                0x00000c52        0x0 /tmp/ccmxEojK.o
                                 0xe6 (size before relaxing)
 *(.srodata)
 *(.srodata*)
                0x00000c54                        . = ALIGN (0x4)
 *fill*         0x00000c52        0x2 
                0x00000c54                        _etext = .
                0x00000c54                        _sidata = _etext

.rela.dyn       0x00000c54        0x0
 .rela.text     0x00000c54        0x0 /tmp/ccEfVQB0.o

.data           0x00000c54        0x0
                0x00000c54                        . = ALIGN (0x4)
                0x00000c54                        _sdata = .
                0x00000c54                        _ram_start = .
                0x00000c54                        . = ALIGN (0x4)
 *(.data)
 .data          0x00000c54        0x0 /tmp/ccEfVQB0.o
 .data          0x00000c54        0x0 /tmp/cculycJ4.o
 .data          0x00000c54        0x0 /tmp/ccCF29aT.o
 .data          0x00000c54        0x0 /tmp/ccC9YrC1.o
 .data          0x00000c54        0x0 /tmp/ccmxEojK.o
 .data          0x00000c54        0x0 /opt/riscv-gcc/bin/../lib/gcc/riscv-none-elf/15.2.0/rv32i/ilp32/libgcc.a(div.o)
 *(.data*)
 *(.sdata)
 *(.sdata*)
                0x00000c54                        . = ALIGN (0x4)
                0x00000c54                        _edata = .

.bss            0x00000c54     0x1c70
                0x00000c54                        . = ALIGN (0x4)
                0x00000c54                        _sbss = .
 *(.bss)
 .bss           0x00000c54        0x0 /tmp/ccEfVQB0.o
 .bss           0x00000c54        0x0 /tmp/cculycJ4.o
 .bss           0x00000c54      0x400 /tmp/ccCF29aT.o
                0x00000c54                heap_memory
 .bss           0x00001054        0x0 /tmp/ccC9YrC1.o
 .bss           0x00001054     0x1838 /tmp/ccmxEojK.o
                0x00001054                Arr_1_Glob
                0x0000111c                Arr_2_Glob
 .bss           0x0000288c        0x0 /opt/riscv-gcc/bin/../lib/gcc/riscv-none-elf/15.2.0/rv32i/ilp32/libgcc.a(div.o)
 *(.bss*)
 *(.sbss)
 .sbss          0x0000288c        0x4 /tmp/ccCF29aT.o
                0x0000288c                heap_memory_used
 .sbss          0x00002890       0x34 /tmp/ccmxEojK.o
                0x00002890                Dhrystones_Per_Second
                0x00002894                Microseconds
                0x00002898                User_Insn
                0x0000289c                End_Insn
                0x000028a0                Begin_Insn
                0x000028a4                User_Time
                0x000028a8                End_Time
                0x000028ac                Begin_Time
                0x000028b0                Ch_2_Glob
                0x000028b1                Ch_1_Glob
                0x000028b4                Bool_Glob
                0x000028b8                Int_Glob
                0x000028bc                Next_Ptr_Glob
                0x000028c0                Ptr_Glob
 *(.sbss*)
 *(COMMON)
                0x000028c4                        . = ALIGN (0x4)
                0x000028c4                        _ebss = .

.heap           0x000028c4        0x0
                0x000028c4                        . = ALIGN (0x4)
                0x000028c4                        _heap_start = .
LOAD /tmp/ccEfVQB0.o
LOAD /tmp/cculycJ4.o
LOAD /tmp/ccCF29aT.o
LOAD /tmp/ccC9YrC1.o
LOAD /tmp/ccmxEojK.o
LOAD /opt/riscv-gcc/bin/../lib/gcc/riscv-none-elf/15.2.0/rv32i/ilp32/libgcc.a
OUTPUT(build/firmware/icebreaker_fw.elf elf32-littleriscv)

.riscv.attributes
                0x00000000       0x28
 .riscv.attributes
                0x00000000       0x26 /tmp/ccEfVQB0.o
 .riscv.attributes
                0x00000026       0x28 /tmp/cculycJ4.o
 .riscv.attributes
                0x0000004e       0x28 /tmp/ccCF29aT.o
 .riscv.attributes
                0x00000076       0x28 /tmp/ccC9YrC1.o
 .riscv.attributes
                0x0000009e       0x28 /tmp/ccmxEojK.o
 .riscv.attributes
                0x000000c6       0x1a /opt/riscv-gcc/bin/../lib/gcc/riscv-none-elf/15.2.0/rv32i/ilp32/libgcc.a(div.o)

.comment        0x00000000       0x33
 .comment       0x00000000       0x33 /tmp/cculycJ4.o
                                 0x34 (size before relaxing)
 .comment       0x00000033        0x0 /tmp/ccCF29aT.o
                                 0x34 (size before relaxing)
 .comment       0x00000033        0x0 /tmp/ccC9YrC1.o
                                 0x34 (size before relaxing)
 .comment       0x00000033        0x0 /tmp/ccmxEojK.o
                                 0x34 (size before relaxing)

.note.GNU-stack
                0x00000000        0x0
 .note.GNU-stack
                0x00000000        0x0 /tmp/cculycJ4.o
 .note.GNU-stack
                0x00000000        0x0 /tmp/ccCF29aT.o
 .note.GNU-stack
                0x00000000        0x0 /tmp/ccC9YrC1.o
 .note.GNU-stack
                0x00000000        0x0 /tmp/ccmxEojK.o
