
icetime topological timing analysis report
==========================================

Info: max_span_hack is enabled: estimate is conservative.

Report for critical path:
-------------------------

        lc40_24_16_2 (LogicCell40) [clk] -> lcout: 1.491 ns
     1.491 ns net_92304 ($_168206051_[2])
        t26765 (LocalMux) I -> O: 1.099 ns
        inmux_24_16_96396_96437 (InMux) I -> O: 0.662 ns
        lc40_24_16_3 (LogicCell40) in0 -> lcout: 1.285 ns
     4.537 ns net_92305 ($_783440641_[3])
        t26766 (LocalMux) I -> O: 1.099 ns
        inmux_24_16_96413_96455 (InMux) I -> O: 0.662 ns
        lc40_24_16_6 (LogicCell40) in0 -> lcout: 1.285 ns
     7.583 ns net_92308 ($_1985471563_[2])
        odrv_24_16_92308_88612 (Odrv4) I -> O: 0.649 ns
        t26775 (Span4Mux_h4) I -> O: 0.543 ns
        t26774 (Span4Mux_h4) I -> O: 0.543 ns
        t26773 (Span4Mux_h4) I -> O: 0.543 ns
        t26772 (Span4Mux_h4) I -> O: 0.543 ns
        t26771 (Span4Mux_v4) I -> O: 0.649 ns
        t26770 (LocalMux) I -> O: 1.099 ns
        inmux_5_15_24553_24559 (InMux) I -> O: 0.662 ns
        lc40_5_15_0 (LogicCell40) in0 -> lcout: 1.285 ns
    14.100 ns net_20654 ($_1501548115_[1])
        odrv_5_15_20654_20433 (Odrv4) I -> O: 0.649 ns
        t7745 (Span4Mux_v4) I -> O: 0.649 ns
        t7744 (LocalMux) I -> O: 1.099 ns
        inmux_4_8_19856_19912 (InMux) I -> O: 0.662 ns
        lc40_4_8_7 (LogicCell40) in3 -> lcout: 0.874 ns
    18.033 ns net_15969 ($_2015613676_[2])
        odrv_4_8_15969_7905 (Odrv4) I -> O: 0.649 ns
        t6931 (Span4Mux_v4) I -> O: 0.649 ns
        t6930 (LocalMux) I -> O: 1.099 ns
        inmux_5_12_24161_24199 (InMux) I -> O: 0.662 ns
        lc40_5_12_1 (LogicCell40) in3 -> lcout: 0.874 ns
    21.967 ns net_20286 ($_1030431558_[2])
        odrv_5_12_20286_20066 (Odrv4) I -> O: 0.649 ns
        t7673 (Span4Mux_h4) I -> O: 0.543 ns
        t7672 (LocalMux) I -> O: 1.099 ns
        inmux_5_8_23680_23698 (InMux) I -> O: 0.662 ns
        lc40_5_8_0 (LogicCell40) in0 -> lcout: 1.285 ns
    26.205 ns net_19793 ($_2986131274_[1])
        t7601 (LocalMux) I -> O: 1.099 ns
        inmux_4_7_19735_19745 (InMux) I -> O: 0.662 ns
        lc40_4_7_0 (LogicCell40) in1 -> carryout: 0.675 ns
    28.642 ns net_19743 ($nextpnr_ICESTORM_LC_13$I3)
        inmux_4_7_19743_19753 (InMux) I -> O: 0.662 ns
        lc40_4_7_1 (LogicCell40) in3 -> lcout: 0.874 ns
    30.178 ns net_15840 ($_1379128596_)
        t6878 (LocalMux) I -> O: 1.099 ns
        inmux_5_6_23436_23477 (InMux) I -> O: 0.662 ns
        lc40_5_6_4 (LogicCell40) in1 -> lcout: 1.232 ns
    33.172 ns net_19551 ($_1420354559_)
        t7575 (LocalMux) I -> O: 1.099 ns
        inmux_5_7_23554_23576 (InMux) I -> O: 0.662 ns
        lc40_5_7_0 (LogicCell40) in1 -> carryout: 0.675 ns
    35.609 ns t619
        lc40_5_7_1 (LogicCell40) carryin -> carryout: 0.278 ns
    35.887 ns net_23580 ($nextpnr_ICESTORM_LC_10$I3)
        inmux_5_7_23580_23590 (InMux) I -> O: 0.662 ns
        lc40_5_7_2 (LogicCell40) in3 -> lcout: 0.874 ns
    37.423 ns net_19672 ($_1129238147_)
        t7579 (LocalMux) I -> O: 1.099 ns
        inmux_5_7_23560_23608 (InMux) I -> O: 0.662 ns
        lc40_5_7_5 (LogicCell40) in3 -> lcout: 0.874 ns
    40.059 ns net_19675 ($_3174675980_[2])
        t7584 (LocalMux) I -> O: 1.099 ns
        inmux_5_8_23670_23728 (InMux) I -> O: 0.662 ns
        lc40_5_8_5 (LogicCell40) in0 -> lcout: 1.285 ns
    43.105 ns net_19798 ($_2674333402_[3])
        t7606 (LocalMux) I -> O: 1.099 ns
        inmux_5_9_23801_23864 (InMux) I -> O: 0.662 ns
        lc40_5_9_7 (LogicCell40) in1 -> lcout: 1.232 ns
    46.098 ns net_19923 ($_1732017591_[2])
        t7619 (LocalMux) I -> O: 1.099 ns
        inmux_4_9_19980_19996 (InMux) I -> O: 0.662 ns
        lc40_4_9_1 (LogicCell40) in0 -> lcout: 1.285 ns
    49.145 ns net_16086 ($_1398002153_[3])
        t6981 (LocalMux) I -> O: 1.099 ns
        inmux_4_10_20081_20138 (InMux) I -> O: 0.662 ns
        lc40_4_10_4 (LogicCell40) in1 -> lcout: 1.232 ns
    52.138 ns net_16212 ($_2896263842_[3])
        t7022 (LocalMux) I -> O: 1.099 ns
        inmux_4_11_20215_20261 (InMux) I -> O: 0.662 ns
        lc40_4_11_4 (LogicCell40) in1 -> lcout: 1.232 ns
    55.131 ns net_16335 ($_171099431_[3])
        t7049 (LocalMux) I -> O: 1.099 ns
        inmux_3_12_16499_16540 (InMux) I -> O: 0.662 ns
        lc40_3_12_2 (LogicCell40) in0 -> lcout: 1.285 ns
    58.177 ns net_12625 ($_120723222_[0])
        t6128 (LocalMux) I -> O: 1.099 ns
        inmux_3_13_16628_16676 (InMux) I -> O: 0.662 ns
        lc40_3_13_4 (LogicCell40) in1 -> lcout: 1.232 ns
    61.171 ns net_12750 ($_656700534_[3])
        t6143 (LocalMux) I -> O: 1.099 ns
        inmux_3_13_16638_16658 (InMux) I -> O: 0.662 ns
        lc40_3_13_1 (LogicCell40) in1 -> lcout: 1.232 ns
    64.164 ns net_12747 ($_3761751092_[1])
        t6138 (LocalMux) I -> O: 1.099 ns
        inmux_3_14_16750_16788 (InMux) I -> O: 0.662 ns
        t481 (CascadeMux) I -> O: 0.000 ns
        lc40_3_14_2 (LogicCell40) in2 -> carryout: 0.609 ns
    66.535 ns net_16785 ($_289835776_)
        lc40_3_14_3 (LogicCell40) carryin -> carryout: 0.278 ns
    66.813 ns net_16791 ($_1311937639_[3])
        lc40_3_14_4 (LogicCell40) carryin -> carryout: 0.278 ns
    67.091 ns net_16797 ($_1065827699_[3])
        lc40_3_14_5 (LogicCell40) carryin -> carryout: 0.278 ns
    67.369 ns net_16803 ($_3165716806_[3])
        inmux_3_14_16803_16813 (InMux) I -> O: 0.662 ns
    68.031 ns net_16813 ($_3165716806_[3])
        lc40_3_14_6 (LogicCell40) in3 [setup]: 0.583 ns
    68.614 ns net_12875 ($_3838378465_[23])

Resolvable net names on path:
     1.491 ns ..  3.252 ns $_168206051_[2]
     4.537 ns ..  6.298 ns $_783440641_[3]
     7.583 ns .. 12.815 ns $_1985471563_[2]
    14.100 ns .. 17.159 ns $_1501548115_[1]
    18.033 ns .. 21.093 ns $_2015613676_[2]
    21.967 ns .. 24.920 ns $_1030431558_[2]
    26.205 ns .. 27.967 ns $_2986131274_[1]
    28.642 ns .. 29.304 ns $nextpnr_ICESTORM_LC_13$I3
    30.178 ns .. 31.940 ns $_1379128596_
    33.172 ns .. 34.933 ns $_1420354559_
    35.887 ns .. 36.549 ns $nextpnr_ICESTORM_LC_10$I3
    37.423 ns .. 39.185 ns $_1129238147_
    40.059 ns .. 41.820 ns $_3174675980_[2]
    43.105 ns .. 44.867 ns $_2674333402_[3]
    46.098 ns .. 47.860 ns $_1732017591_[2]
    49.145 ns .. 50.906 ns $_1398002153_[3]
    52.138 ns .. 53.899 ns $_2896263842_[3]
    55.131 ns .. 56.893 ns $_171099431_[3]
    58.177 ns .. 59.939 ns $_120723222_[0]
    61.171 ns .. 62.932 ns $_656700534_[3]
    64.164 ns .. 65.925 ns $_3761751092_[1]
    66.535 ns .. 66.535 ns $_289835776_
    66.813 ns .. 66.813 ns $_1311937639_[3]
    67.091 ns .. 67.091 ns $_1065827699_[3]
    67.369 ns .. 68.031 ns $_3165716806_[3]
                  lcout -> $_3838378465_[23]

Total number of logic levels: 26
Total path delay: 68.61 ns (14.57 MHz)

