
There are no discarded input sections

Memory Configuration

Name             Origin             Length             Attributes
FLASH            0x00100000         0x00400000         xr
RAM              0x00000000         0x00003000         xrw
*default*        0x00000000         0xffffffff

Linker script and memory map


.text           0x00000000     0x1370
                0x00000000                        . = ALIGN (0x4)
 *(.text)
 .text          0x00000000      0x198 /tmp/ccJudRP0.o
                0x00000100                flashio_worker_begin
                0x00000198                flashio_worker_end
 .text          0x00000198      0x1b0 /tmp/ccMPK94h.o
                0x00000198                custom_mul
                0x000001a0                putchar
                0x000001cc                print
                0x00000210                getchar_prompt
                0x000002f4                getchar
 .text          0x00000348      0x440 /tmp/ccnoP5Tj.o
                0x00000348                time
                0x00000350                insn
                0x00000358                malloc
                0x00000384                printf
                0x000005bc                memcpy
                0x000005e0                strcpy
                0x00000690                strcmp
 *(.text*)
 .text.startup  0x00000788      0x408 /tmp/ccMPK94h.o
                0x00000788                main
 *(.rodata)
 .rodata        0x00000b90      0x640 /tmp/ccMPK94h.o
 *(.rodata*)
 .rodata.str1.4
                0x000011d0      0x19d /tmp/ccMPK94h.o
 *(.srodata)
 *(.srodata*)
                0x00001370                        . = ALIGN (0x4)
 *fill*         0x0000136d        0x3 
                0x00001370                        _etext = .
                0x00001370                        _sidata = _etext

.rela.dyn       0x00001370        0x0
 .rela.text     0x00001370        0x0 /tmp/ccJudRP0.o

.data           0x00001370        0x0
                0x00001370                        . = ALIGN (0x4)
                0x00001370                        _sdata = .
                0x00001370                        _ram_start = .
                0x00001370                        . = ALIGN (0x4)
 *(.data)
 .data          0x00001370        0x0 /tmp/ccJudRP0.o
 .data          0x00001370        0x0 /tmp/ccMPK94h.o
 .data          0x00001370        0x0 /tmp/ccnoP5Tj.o
 *(.data*)
 *(.sdata)
 *(.sdata*)
                0x00001370                        . = ALIGN (0x4)
                0x00001370                        _edata = .

.bss            0x00001370      0x404
                0x00001370                        . = ALIGN (0x4)
                0x00001370                        _sbss = .
 *(.bss)
 .bss           0x00001370        0x0 /tmp/ccJudRP0.o
 .bss           0x00001370        0x0 /tmp/ccMPK94h.o
 .bss           0x00001370      0x400 /tmp/ccnoP5Tj.o
                0x00001370                heap_memory
 *(.bss*)
 *(.sbss)
 .sbss          0x00001770        0x4 /tmp/ccnoP5Tj.o
                0x00001770                heap_memory_used
 *(.sbss*)
 *(COMMON)
                0x00001774                        . = ALIGN (0x4)
                0x00001774                        _ebss = .

.heap           0x00001774        0x0
                0x00001774                        . = ALIGN (0x4)
                0x00001774                        _heap_start = .
LOAD /tmp/ccJudRP0.o
LOAD /tmp/ccMPK94h.o
LOAD /tmp/ccnoP5Tj.o
LOAD /opt/riscv/bin/../lib/gcc/riscv-none-elf/15.2.0/rv32im/ilp32/libgcc.a
OUTPUT(build/software/icebreaker_fw.elf elf32-littleriscv)

.riscv.attributes
                0x00000000       0x2a
 .riscv.attributes
                0x00000000       0x28 /tmp/ccJudRP0.o
 .riscv.attributes
                0x00000028       0x2a /tmp/ccMPK94h.o
 .riscv.attributes
                0x00000052       0x2a /tmp/ccnoP5Tj.o

.comment        0x00000000       0x33
 .comment       0x00000000       0x33 /tmp/ccMPK94h.o
                                 0x34 (size before relaxing)
 .comment       0x00000033        0x0 /tmp/ccnoP5Tj.o
                                 0x34 (size before relaxing)

.note.GNU-stack
                0x00000000        0x0
 .note.GNU-stack
                0x00000000        0x0 /tmp/ccMPK94h.o
 .note.GNU-stack
                0x00000000        0x0 /tmp/ccnoP5Tj.o
